ASxxxx Linker V03.00 + NoICE + sdld,  page 1.
Hexadecimal  [32-Bits]

Area                                    Addr        Size        Decimal Bytes (Attributes)
--------------------------------        ----        ----        ------- ----- ------------
CABS                                00000000    00000000 =           0. bytes (ABS,CON,CODE)

      Value  Global                              Global Defined In Module
      -----  --------------------------------   ------------------------
C:   00000000  l_BSEG                          
C:   00000000  l_BSEG_BYTES                    
C:   00000000  l_CABS                          
C:   00000000  l_GSINIT1                       
C:   00000000  l_GSINIT5                       
C:   00000000  l_IABS                          
C:   00000000  l_ISEG                          
C:   00000000  l_OSEG                          
C:   00000000  l_PSEG                          
C:   00000000  l_REG_BANK_1                    
C:   00000000  l_REG_BANK_2                    
C:   00000000  l_REG_BANK_3                    
C:   00000000  l_RSEG                          
C:   00000000  l_RSEG0                         
C:   00000000  l_RSEG1                         
C:   00000000  l_XABS                          
C:   00000000  l_XINIT                         
C:   00000000  l_XISEG                         
C:   00000000  l_XSEG                          
C:   00000000  l__CODE                         
C:   00000000  s_BSEG                          
C:   00000000  s_CABS                          
C:   00000000  s_DSEG                          
C:   00000000  s_HOME                          
C:   00000000  s_IABS                          
C:   00000000  s_ISEG                          
C:   00000000  s_REG_BANK_0                    
C:   00000000  s_RSEG                          
C:   00000000  s_RSEG0                         
C:   00000000  s_RSEG1                         
C:   00000000  s_XABS                          
C:   00000001  l_BIT_BANK                      
C:   00000001  s_PSEG                          
C:   00000001  s_XISEG                         
C:   00000001  s_XSEG                          
C:   00000003  l_GSFINAL                       
C:   00000003  l_GSINIT0                       
C:   00000008  l_REG_BANK_0                    
C:   00000008  s_REG_BANK_1                    
C:   0000000A  l_GSINIT2                       
C:   00000010  s_REG_BANK_2                    
C:   00000018  s_REG_BANK_3                    
C:   00000020  s_BIT_BANK                      
C:   00000020  s_BSEG_BYTES                    
C:   00000020  s_OSEG                          
C:   00000020  s__CODE                         
C:   00000022  l_GSINIT3                       
C:   00000029  l_HOME                          
C:   00000029  s_GSINIT0                       
C:   0000002A  l_GSINIT4                       
ASxxxx Linker V03.00 + NoICE + sdld,  page 2.
Hexadecimal  [32-Bits]

Area                                    Addr        Size        Decimal Bytes (Attributes)
--------------------------------        ----        ----        ------- ----- ------------
CABS                                00000000    00000000 =           0. bytes (ABS,CON,CODE)

      Value  Global                              Global Defined In Module
      -----  --------------------------------   ------------------------
C:   0000002C  s_GSINIT1                       
C:   0000002C  s_GSINIT2                       
C:   0000002D  s_SSEG                          
C:   00000036  s_GSINIT3                       
C:   0000003C  l_CONST                         
C:   0000004E  l_GSINIT                        
C:   00000058  s_GSINIT4                       
C:   0000007C  l_DSEG                          
C:   00000082  s_GSINIT                        
C:   00000082  s_GSINIT5                       
C:   000000D0  s_GSFINAL                       
C:   000000D3  l_SSEG                          
C:   000000D3  s_CSEG                          
C:   00000100  l_IRAM                          
C:   0000025D  l_CSEG                          
C:   00000330  s_CONST                         
C:   0000036C  s_XINIT                         

ASxxxx Linker V03.00 + NoICE + sdld,  page 3.
Hexadecimal  [32-Bits]

Area                                    Addr        Size        Decimal Bytes (Attributes)
--------------------------------        ----        ----        ------- ----- ------------
.  .ABS.                            00000000    00000000 =           0. bytes (ABS,CON)

      Value  Global                              Global Defined In Module
      -----  --------------------------------   ------------------------
     00000000  .__.ABS.                           _startup
     00000080  _P0                                flash
     00000080  _P0_0                              flash
     00000081  _P0_1                              flash
     00000081  _SP                                flash
     00000082  _DPL                               flash
     00000082  _P0_2                              flash
     00000083  _DPH                               flash
     00000083  _P0_3                              flash
     00000084  _P0_4                              flash
     00000085  _P0_5                              flash
     00000086  _P0_6                              flash
     00000087  _P0_7                              flash
     00000087  _PCON                              flash
     00000088  _IT0                               flash
     00000088  _TCON                              flash
     00000089  _IE0                               flash
     00000089  _TMOD                              flash
     0000008A  _IT1                               flash
     0000008A  _TL0                               flash
     0000008B  _IE1                               flash
     0000008B  _TL1                               flash
     0000008C  _TH0                               flash
     0000008C  _TR0                               flash
     0000008D  _TF0                               flash
     0000008D  _TH1                               flash
     0000008E  _TR1                               flash
     0000008F  _TF1                               flash
     00000090  _P1                                flash
     00000090  _P1_0                              flash
     00000091  _P1_1                              flash
     00000092  _P1_2                              flash
     00000093  _P1_3                              flash
     00000094  _P1_4                              flash
     00000095  _P1_5                              flash
     00000096  _P1_6                              flash
     00000097  _P1_7                              flash
     00000098  _RI                                flash
     00000098  _SCON                              flash
     00000099  _SBUF                              flash
     00000099  _TI                                flash
     0000009A  _RB8                               flash
     0000009B  _TB8                               flash
     0000009C  _REN                               flash
     0000009D  _SM2                               flash
     0000009E  _SM1                               flash
     0000009F  _SM0                               flash
     000000A0  _P2                                flash
     000000A0  _P2_0                              flash
     000000A0  __XPAGE                            
ASxxxx Linker V03.00 + NoICE + sdld,  page 4.
Hexadecimal  [32-Bits]

Area                                    Addr        Size        Decimal Bytes (Attributes)
--------------------------------        ----        ----        ------- ----- ------------
.  .ABS.                            00000000    00000000 =           0. bytes (ABS,CON)

      Value  Global                              Global Defined In Module
      -----  --------------------------------   ------------------------
     000000A1  _P2_1                              flash
     000000A2  _P2_2                              flash
     000000A3  _P2_3                              flash
     000000A4  _P2_4                              flash
     000000A5  _P2_5                              flash
     000000A6  _P2_6                              flash
     000000A7  _P2_7                              flash
     000000A8  _EX0                               flash
     000000A8  _IE                                flash
     000000A9  _ET0                               flash
     000000AA  _EX1                               flash
     000000AB  _ET1                               flash
     000000AC  _ES                                flash
     000000AF  _EA                                flash
     000000B0  _P3                                flash
     000000B0  _P3_0                              flash
     000000B0  _RXD                               flash
     000000B1  _P3_1                              flash
     000000B1  _TXD                               flash
     000000B2  _INT0                              flash
     000000B2  _P3_2                              flash
     000000B3  _INT1                              flash
     000000B3  _P3_3                              flash
     000000B4  _P3_4                              flash
     000000B4  _T0                                flash
     000000B5  _P3_5                              flash
     000000B5  _T1                                flash
     000000B6  _P3_6                              flash
     000000B6  _WR                                flash
     000000B7  _P3_7                              flash
     000000B7  _RD                                flash
     000000B8  _IP                                flash
     000000B8  _PX0                               flash
     000000B9  _PT0                               flash
     000000BA  _PX1                               flash
     000000BB  _PT1                               flash
     000000BC  _PS                                flash
     000000D0  _P                                 flash
     000000D0  _PSW                               flash
     000000D1  _F1                                flash
     000000D2  _OV                                flash
     000000D3  _RS0                               flash
     000000D4  _RS1                               flash
     000000D5  _F0                                flash
     000000D6  _AC                                flash
     000000D7  _CY                                flash
     000000E0  _ACC                               flash
     000000F0  _B                                 flash
     000000F5  _B_5                               _gptrget
     000000F6  _B_6                               _gptrget
     000000F7  _B_7                               _gptrget

ASxxxx Linker V03.00 + NoICE + sdld,  page 5.
Hexadecimal  [32-Bits]

Area                                    Addr        Size        Decimal Bytes (Attributes)
--------------------------------        ----        ----        ------- ----- ------------
REG_BANK_0                          00000000    00000008 =           8. bytes (REL,OVR)

      Value  Global                              Global Defined In Module
      -----  --------------------------------   ------------------------
ASxxxx Linker V03.00 + NoICE + sdld,  page 6.
Hexadecimal  [32-Bits]

Area                                    Addr        Size        Decimal Bytes (Attributes)
--------------------------------        ----        ----        ------- ----- ------------
BIT_BANK                            00000020    00000001 =           1. bytes (REL,OVR)

      Value  Global                              Global Defined In Module
      -----  --------------------------------   ------------------------
ASxxxx Linker V03.00 + NoICE + sdld,  page 7.
Hexadecimal  [32-Bits]

Area                                    Addr        Size        Decimal Bytes (Attributes)
--------------------------------        ----        ----        ------- ----- ------------
DSEG                                00000000    0000007C =         124. bytes (REL,CON)

      Value  Global                              Global Defined In Module
      -----  --------------------------------   ------------------------
     0000002A  _flash_program_PARM_2              flash

ASxxxx Linker V03.00 + NoICE + sdld,  page 8.
Hexadecimal  [32-Bits]

Area                                    Addr        Size        Decimal Bytes (Attributes)
--------------------------------        ----        ----        ------- ----- ------------
SSEG                                0000002D    000000D3 =         211. bytes (REL,OVR)

      Value  Global                              Global Defined In Module
      -----  --------------------------------   ------------------------
     0000002D  __start__stack                     main

ASxxxx Linker V03.00 + NoICE + sdld,  page 9.
Hexadecimal  [32-Bits]

Area                                    Addr        Size        Decimal Bytes (Attributes)
--------------------------------        ----        ----        ------- ----- ------------
HOME                                00000000    00000029 =          41. bytes (REL,CON,CODE)

      Value  Global                              Global Defined In Module
      -----  --------------------------------   ------------------------
C:   00000026  __sdcc_program_startup             main

ASxxxx Linker V03.00 + NoICE + sdld,  page 10.
Hexadecimal  [32-Bits]

Area                                    Addr        Size        Decimal Bytes (Attributes)
--------------------------------        ----        ----        ------- ----- ------------
GSINIT0                             00000029    00000003 =           3. bytes (REL,CON,CODE)

      Value  Global                              Global Defined In Module
      -----  --------------------------------   ------------------------
C:   00000029  __sdcc_gsinit_startup              

ASxxxx Linker V03.00 + NoICE + sdld,  page 11.
Hexadecimal  [32-Bits]

Area                                    Addr        Size        Decimal Bytes (Attributes)
--------------------------------        ----        ----        ------- ----- ------------
GSINIT2                             0000002C    0000000A =          10. bytes (REL,CON,CODE)

      Value  Global                              Global Defined In Module
      -----  --------------------------------   ------------------------
ASxxxx Linker V03.00 + NoICE + sdld,  page 12.
Hexadecimal  [32-Bits]

Area                                    Addr        Size        Decimal Bytes (Attributes)
--------------------------------        ----        ----        ------- ----- ------------
GSINIT3                             00000036    00000022 =          34. bytes (REL,CON,CODE)

      Value  Global                              Global Defined In Module
      -----  --------------------------------   ------------------------
C:   00000036  __mcs51_genXINIT                   

ASxxxx Linker V03.00 + NoICE + sdld,  page 13.
Hexadecimal  [32-Bits]

Area                                    Addr        Size        Decimal Bytes (Attributes)
--------------------------------        ----        ----        ------- ----- ------------
GSINIT4                             00000058    0000002A =          42. bytes (REL,CON,CODE)

      Value  Global                              Global Defined In Module
      -----  --------------------------------   ------------------------
C:   00000058  __mcs51_genRAMCLEAR                
C:   0000005E  __mcs51_genXRAMCLEAR               

ASxxxx Linker V03.00 + NoICE + sdld,  page 14.
Hexadecimal  [32-Bits]

Area                                    Addr        Size        Decimal Bytes (Attributes)
--------------------------------        ----        ----        ------- ----- ------------
GSINIT                              00000082    0000004E =          78. bytes (REL,CON,CODE)

      Value  Global                              Global Defined In Module
      -----  --------------------------------   ------------------------
ASxxxx Linker V03.00 + NoICE + sdld,  page 15.
Hexadecimal  [32-Bits]

Area                                    Addr        Size        Decimal Bytes (Attributes)
--------------------------------        ----        ----        ------- ----- ------------
GSFINAL                             000000D0    00000003 =           3. bytes (REL,CON,CODE)

      Value  Global                              Global Defined In Module
      -----  --------------------------------   ------------------------
ASxxxx Linker V03.00 + NoICE + sdld,  page 16.
Hexadecimal  [32-Bits]

Area                                    Addr        Size        Decimal Bytes (Attributes)
--------------------------------        ----        ----        ------- ----- ------------
CSEG                                000000D3    0000025D =         605. bytes (REL,CON,CODE)

      Value  Global                              Global Defined In Module
      -----  --------------------------------   ------------------------
C:   000000D3  _main                              main
C:   000000F3  _uart_init                         uart
C:   00000107  _uart_print                        uart
C:   0000016F  _uart_print_esc                    uart
C:   0000019D  _uart_print_char                   uart
C:   000001A6  _uart_print_hex                    uart
C:   000001C4  _uart_isr                          uart
C:   0000020B  _flash_init                        flash
C:   0000020F  _flash_set_address                 flash
C:   00000254  _flash_program                     flash
C:   000002C8  _flash_read                        flash
C:   000002DA  _flash_erase                       flash
C:   000002E1  _flash_delay                       flash
C:   000002F8  _strlen                            _strlen
C:   00000310  __gptrget                          _gptrget
C:   0000032C  __sdcc_external_startup            _startup

ASxxxx Linker V03.00 + NoICE + sdld,  page 17.
Hexadecimal  [32-Bits]

Area                                    Addr        Size        Decimal Bytes (Attributes)
--------------------------------        ----        ----        ------- ----- ------------
CONST                               00000330    0000003C =          60. bytes (REL,CON,CODE)

      Value  Global                              Global Defined In Module
      -----  --------------------------------   ------------------------
ASxxxx Linker V03.00 + NoICE + sdld,  page 18.

Files Linked                              [ module(s) ]

nand.rel                                  [  ]
uart.rel                                  [  ]
flash.rel                                 [  ]


Libraries Linked                          [ object file ]

/usr/bin/../share/sdcc/lib/small/mcs51.lib
                                          [ crtclear.rel ]
/usr/bin/../share/sdcc/lib/small/mcs51.lib
                                          [ crtxinit.rel ]
/usr/bin/../share/sdcc/lib/small/mcs51.lib
                                          [ crtxclear.rel ]
/usr/bin/../share/sdcc/lib/small/mcs51.lib
                                          [ crtpagesfr.rel ]
/usr/bin/../share/sdcc/lib/small/libsdcc.lib
                                          [ _strlen.rel ]
/usr/bin/../share/sdcc/lib/small/mcs51.lib
                                          [ crtstart.rel ]
/usr/bin/../share/sdcc/lib/small/libsdcc.lib
                                          [ _gptrget.rel ]
/usr/bin/../share/sdcc/lib/small/libsdcc.lib
                                          [ _startup.rel ]

ASxxxx Linker V03.00 + NoICE + sdld,  page 19.

User Base Address Definitions

HOME = 0x0000
XSEG = 0x0001
PSEG = 0x0001
ISEG = 0x0000
BSEG = 0x0000

